Archive member included because of file (symbol)

c:/winavr-20100110/bin/../lib/gcc/avr/4.3.3/avr5\libgcc.a(_mulsi3.o)
                              pid.o (__mulsi3)
c:/winavr-20100110/bin/../lib/gcc/avr/4.3.3/avr5\libgcc.a(_udivmodhi4.o)
                              scheduler.o (__udivmodhi4)
c:/winavr-20100110/bin/../lib/gcc/avr/4.3.3/avr5\libgcc.a(_divmodhi4.o)
                              lf.o (__divmodhi4)
c:/winavr-20100110/bin/../lib/gcc/avr/4.3.3/avr5\libgcc.a(_udivmodsi4.o)
                              pid.o (__udivmodsi4)
c:/winavr-20100110/bin/../lib/gcc/avr/4.3.3/avr5\libgcc.a(_exit.o)
                              c:/winavr-20100110/bin/../lib/gcc/avr/4.3.3/../../../../avr/lib/avr5/crtm16.o (exit)
c:/winavr-20100110/bin/../lib/gcc/avr/4.3.3/avr5\libgcc.a(_copy_data.o)
                              lf.o (__do_copy_data)
c:/winavr-20100110/bin/../lib/gcc/avr/4.3.3/avr5\libgcc.a(_clear_bss.o)
                              lf.o (__do_clear_bss)
c:/winavr-20100110/bin/../lib/gcc/avr/4.3.3/../../../../avr/lib/avr5\libc.a(eerd_word_atmega16.o)
                              pid.o (__eerd_word_m16)
c:/winavr-20100110/bin/../lib/gcc/avr/4.3.3/../../../../avr/lib/avr5\libc.a(eewr_word_atmega16.o)
                              pid.o (__eewr_word_m16)
c:/winavr-20100110/bin/../lib/gcc/avr/4.3.3/../../../../avr/lib/avr5\libc.a(eerd_block_atmega16.o)
                              c:/winavr-20100110/bin/../lib/gcc/avr/4.3.3/../../../../avr/lib/avr5\libc.a(eerd_word_atmega16.o) (__eerd_blraw_m16)
c:/winavr-20100110/bin/../lib/gcc/avr/4.3.3/../../../../avr/lib/avr5\libc.a(eewr_byte_atmega16.o)
                              c:/winavr-20100110/bin/../lib/gcc/avr/4.3.3/../../../../avr/lib/avr5\libc.a(eewr_word_atmega16.o) (__eewr_byte_m16)

Allocating common symbols
Common symbol       size              file

sensor_values       0x14              lf.o
prv_error           0x2               pid.o
output              0x2               pid.o
uart_tx_state       0x1               uart.o
active_tasks        0x1               scheduler.o
uart_buffer         0x14              communication_handler.o
task_array          0x10              scheduler.o
task_period         0x10              scheduler.o
error               0x2               pid.o
uart_rx_index       0x1               uart.o
uart_rx_state       0x1               uart.o
derivate            0x2               pid.o
qtr_values          0x14              QTR.o
uart_rx_buffer      0x14              uart.o

Memory Configuration

Name             Origin             Length             Attributes
text             0x00000000         0x00020000         xr
data             0x00800060         0x0000ffa0         rw !x
eeprom           0x00810000         0x00010000         rw !x
fuse             0x00820000         0x00000400         rw !x
lock             0x00830000         0x00000400         rw !x
signature        0x00840000         0x00000400         rw !x
*default*        0x00000000         0xffffffff

Linker script and memory map

LOAD c:/winavr-20100110/bin/../lib/gcc/avr/4.3.3/../../../../avr/lib/avr5/crtm16.o
LOAD lf.o
LOAD pwm.o
LOAD QTR.o
LOAD uart.o
LOAD timer.o
LOAD scheduler.o
LOAD pid.o
LOAD communication_handler.o
LOAD c:/winavr-20100110/bin/../lib/gcc/avr/4.3.3/avr5\libgcc.a
LOAD c:/winavr-20100110/bin/../lib/gcc/avr/4.3.3/../../../../avr/lib/avr5\libc.a
LOAD c:/winavr-20100110/bin/../lib/gcc/avr/4.3.3/avr5\libgcc.a

.hash
 *(.hash)

.dynsym
 *(.dynsym)

.dynstr
 *(.dynstr)

.gnu.version
 *(.gnu.version)

.gnu.version_d
 *(.gnu.version_d)

.gnu.version_r
 *(.gnu.version_r)

.rel.init
 *(.rel.init)

.rela.init
 *(.rela.init)

.rel.text
 *(.rel.text)
 *(.rel.text.*)
 *(.rel.gnu.linkonce.t*)

.rela.text
 *(.rela.text)
 *(.rela.text.*)
 *(.rela.gnu.linkonce.t*)

.rel.fini
 *(.rel.fini)

.rela.fini
 *(.rela.fini)

.rel.rodata
 *(.rel.rodata)
 *(.rel.rodata.*)
 *(.rel.gnu.linkonce.r*)

.rela.rodata
 *(.rela.rodata)
 *(.rela.rodata.*)
 *(.rela.gnu.linkonce.r*)

.rel.data
 *(.rel.data)
 *(.rel.data.*)
 *(.rel.gnu.linkonce.d*)

.rela.data
 *(.rela.data)
 *(.rela.data.*)
 *(.rela.gnu.linkonce.d*)

.rel.ctors
 *(.rel.ctors)

.rela.ctors
 *(.rela.ctors)

.rel.dtors
 *(.rel.dtors)

.rela.dtors
 *(.rela.dtors)

.rel.got
 *(.rel.got)

.rela.got
 *(.rela.got)

.rel.bss
 *(.rel.bss)

.rela.bss
 *(.rela.bss)

.rel.plt
 *(.rel.plt)

.rela.plt
 *(.rela.plt)

.text           0x00000000      0xb7a
 *(.vectors)
 .vectors       0x00000000       0x54 c:/winavr-20100110/bin/../lib/gcc/avr/4.3.3/../../../../avr/lib/avr5/crtm16.o
                0x00000000                __vectors
                0x00000000                __vector_default
 *(.vectors)
 *(.progmem.gcc*)
 *(.progmem*)
                0x00000054                . = ALIGN (0x2)
                0x00000054                __trampolines_start = .
 *(.trampolines)
 .trampolines   0x00000054        0x0 linker stubs
 *(.trampolines*)
                0x00000054                __trampolines_end = .
 *(.jumptables)
 *(.jumptables*)
 *(.lowtext)
 *(.lowtext*)
                0x00000054                __ctors_start = .
 *(.ctors)
                0x00000054                __ctors_end = .
                0x00000054                __dtors_start = .
 *(.dtors)
                0x00000054                __dtors_end = .
 SORT(*)(.ctors)
 SORT(*)(.dtors)
 *(.init0)
 .init0         0x00000054        0x0 c:/winavr-20100110/bin/../lib/gcc/avr/4.3.3/../../../../avr/lib/avr5/crtm16.o
                0x00000054                __init
 *(.init0)
 *(.init1)
 *(.init1)
 *(.init2)
 .init2         0x00000054        0xc c:/winavr-20100110/bin/../lib/gcc/avr/4.3.3/../../../../avr/lib/avr5/crtm16.o
 *(.init2)
 *(.init3)
 *(.init3)
 *(.init4)
 .init4         0x00000060       0x16 c:/winavr-20100110/bin/../lib/gcc/avr/4.3.3/avr5\libgcc.a(_copy_data.o)
                0x00000060                __do_copy_data
 .init4         0x00000076       0x10 c:/winavr-20100110/bin/../lib/gcc/avr/4.3.3/avr5\libgcc.a(_clear_bss.o)
                0x00000076                __do_clear_bss
 *(.init4)
 *(.init5)
 *(.init5)
 *(.init6)
 *(.init6)
 *(.init7)
 *(.init7)
 *(.init8)
 *(.init8)
 *(.init9)
 .init9         0x00000086        0x8 c:/winavr-20100110/bin/../lib/gcc/avr/4.3.3/../../../../avr/lib/avr5/crtm16.o
 *(.init9)
 *(.text)
 .text          0x0000008e        0x4 c:/winavr-20100110/bin/../lib/gcc/avr/4.3.3/../../../../avr/lib/avr5/crtm16.o
                0x0000008e                __vector_1
                0x0000008e                __vector_12
                0x0000008e                __bad_interrupt
                0x0000008e                __vector_6
                0x0000008e                __vector_3
                0x0000008e                __vector_17
                0x0000008e                __vector_7
                0x0000008e                __vector_5
                0x0000008e                __vector_4
                0x0000008e                __vector_9
                0x0000008e                __vector_2
                0x0000008e                __vector_15
                0x0000008e                __vector_8
                0x0000008e                __vector_14
                0x0000008e                __vector_10
                0x0000008e                __vector_16
                0x0000008e                __vector_18
                0x0000008e                __vector_20
 .text          0x00000092      0x160 lf.o
                0x00000092                main
                0x00000108                alg
 .text          0x000001f2       0x94 pwm.o
                0x000001f2                pwm_init
                0x0000020e                pwm_setMotors
                0x00000248                pwm_setMotorsSigned
 .text          0x00000286       0xfa QTR.o
                0x00000288                QTR_reading
                0x00000286                QTR_init
                0x00000342                QTR_compute
 .text          0x00000380       0xdc uart.o
                0x000003e0                uart_rx_flush
                0x00000398                __vector_11
                0x00000380                __vector_13
                0x0000041c                uart_init
                0x00000440                uart_sendByte
                0x00000448                uart_sendByteNotBlocking
 .text          0x0000045c       0x16 timer.o
                0x0000045c                timer_init
                0x0000046e                timer_setValue
 .text          0x00000472      0x16e scheduler.o
                0x000004cc                sch_setTask
                0x00000472                dummy_task
                0x00000502                sch_main
                0x0000058c                sch_init
                0x00000474                __vector_19
                0x000004a8                sch_setTaskStatus
 .text          0x000005e0      0x2cc pid.o
                0x000005e6                PID_getP
                0x00000668                pid_setD
                0x0000067c                pid_calculate
                0x00000840                PID_writeToEepromD
                0x00000644                pid_setpoint
                0x00000860                PID_writeToEepromP_D
                0x00000850                PID_writeToEepromP
                0x00000622                PID_useEepromValues
                0x00000672                pid_setP
                0x0000064e                pid_set_consts
                0x000005e0                pid_init
                0x000005f2                PID_getD
                0x000005fe                PID_EepromValidValues
                0x00000886                PID_readFromEepromP_D
 .text          0x000008ac      0x1aa communication_handler.o
                0x000008ac                communication_handler_init
                0x000008ae                _analyse_cmd
                0x00000a1e                communication_handler_task
 .text          0x00000a56        0x0 c:/winavr-20100110/bin/../lib/gcc/avr/4.3.3/avr5\libgcc.a(_mulsi3.o)
 .text          0x00000a56        0x0 c:/winavr-20100110/bin/../lib/gcc/avr/4.3.3/avr5\libgcc.a(_udivmodhi4.o)
 .text          0x00000a56        0x0 c:/winavr-20100110/bin/../lib/gcc/avr/4.3.3/avr5\libgcc.a(_divmodhi4.o)
 .text          0x00000a56        0x0 c:/winavr-20100110/bin/../lib/gcc/avr/4.3.3/avr5\libgcc.a(_udivmodsi4.o)
 .text          0x00000a56        0x0 c:/winavr-20100110/bin/../lib/gcc/avr/4.3.3/avr5\libgcc.a(_exit.o)
 .text          0x00000a56        0x0 c:/winavr-20100110/bin/../lib/gcc/avr/4.3.3/avr5\libgcc.a(_copy_data.o)
 .text          0x00000a56        0x0 c:/winavr-20100110/bin/../lib/gcc/avr/4.3.3/avr5\libgcc.a(_clear_bss.o)
 .text          0x00000a56        0x0 c:/winavr-20100110/bin/../lib/gcc/avr/4.3.3/../../../../avr/lib/avr5\libc.a(eerd_word_atmega16.o)
 .text          0x00000a56        0x0 c:/winavr-20100110/bin/../lib/gcc/avr/4.3.3/../../../../avr/lib/avr5\libc.a(eewr_word_atmega16.o)
 .text          0x00000a56        0x0 c:/winavr-20100110/bin/../lib/gcc/avr/4.3.3/../../../../avr/lib/avr5\libc.a(eerd_block_atmega16.o)
 .text          0x00000a56        0x0 c:/winavr-20100110/bin/../lib/gcc/avr/4.3.3/../../../../avr/lib/avr5\libc.a(eewr_byte_atmega16.o)
                0x00000a56                . = ALIGN (0x2)
 *(.text.*)
 .text.libgcc   0x00000a56       0x3e c:/winavr-20100110/bin/../lib/gcc/avr/4.3.3/avr5\libgcc.a(_mulsi3.o)
                0x00000a56                __mulsi3
 .text.libgcc   0x00000a94       0x28 c:/winavr-20100110/bin/../lib/gcc/avr/4.3.3/avr5\libgcc.a(_udivmodhi4.o)
                0x00000a94                __udivmodhi4
 .text.libgcc   0x00000abc       0x26 c:/winavr-20100110/bin/../lib/gcc/avr/4.3.3/avr5\libgcc.a(_divmodhi4.o)
                0x00000abc                __divmodhi4
                0x00000abc                _div
 .text.libgcc   0x00000ae2       0x44 c:/winavr-20100110/bin/../lib/gcc/avr/4.3.3/avr5\libgcc.a(_udivmodsi4.o)
                0x00000ae2                __udivmodsi4
 .text.libgcc   0x00000b26        0x0 c:/winavr-20100110/bin/../lib/gcc/avr/4.3.3/avr5\libgcc.a(_exit.o)
 .text.libgcc   0x00000b26        0x0 c:/winavr-20100110/bin/../lib/gcc/avr/4.3.3/avr5\libgcc.a(_copy_data.o)
 .text.libgcc   0x00000b26        0x0 c:/winavr-20100110/bin/../lib/gcc/avr/4.3.3/avr5\libgcc.a(_clear_bss.o)
 .text.avr-libc
                0x00000b26        0xc c:/winavr-20100110/bin/../lib/gcc/avr/4.3.3/../../../../avr/lib/avr5\libc.a(eerd_word_atmega16.o)
                0x00000b26                __eerd_word_m16
 .text.avr-libc
                0x00000b32        0xa c:/winavr-20100110/bin/../lib/gcc/avr/4.3.3/../../../../avr/lib/avr5\libc.a(eewr_word_atmega16.o)
                0x00000b32                __eewr_word_m16
 .text.avr-libc
                0x00000b3c       0x20 c:/winavr-20100110/bin/../lib/gcc/avr/4.3.3/../../../../avr/lib/avr5\libc.a(eerd_block_atmega16.o)
                0x00000b3c                __eerd_block_m16
                0x00000b40                __eerd_blraw_m16
 .text.avr-libc
                0x00000b5c       0x1a c:/winavr-20100110/bin/../lib/gcc/avr/4.3.3/../../../../avr/lib/avr5\libc.a(eewr_byte_atmega16.o)
                0x00000b5e                __eewr_r18_m16
                0x00000b5c                __eewr_byte_m16
                0x00000b76                . = ALIGN (0x2)
 *(.fini9)
 .fini9         0x00000b76        0x0 c:/winavr-20100110/bin/../lib/gcc/avr/4.3.3/avr5\libgcc.a(_exit.o)
                0x00000b76                exit
                0x00000b76                _exit
 *(.fini9)
 *(.fini8)
 *(.fini8)
 *(.fini7)
 *(.fini7)
 *(.fini6)
 *(.fini6)
 *(.fini5)
 *(.fini5)
 *(.fini4)
 *(.fini4)
 *(.fini3)
 *(.fini3)
 *(.fini2)
 *(.fini2)
 *(.fini1)
 *(.fini1)
 *(.fini0)
 .fini0         0x00000b76        0x4 c:/winavr-20100110/bin/../lib/gcc/avr/4.3.3/avr5\libgcc.a(_exit.o)
 *(.fini0)
                0x00000b7a                _etext = .

.data           0x00800060        0xe load address 0x00000b7a
                0x00800060                PROVIDE (__data_start, .)
 *(.data)
 .data          0x00800060        0x0 c:/winavr-20100110/bin/../lib/gcc/avr/4.3.3/../../../../avr/lib/avr5/crtm16.o
 .data          0x00800060        0xd lf.o
                0x00800060                last_offset
                0x00800061                speed
                0x00800063                wValues
 .data          0x0080006d        0x0 pwm.o
 .data          0x0080006d        0x0 QTR.o
 .data          0x0080006d        0x0 uart.o
 .data          0x0080006d        0x0 timer.o
 .data          0x0080006d        0x0 scheduler.o
 .data          0x0080006d        0x1 pid.o
                0x0080006d                dLatchCounter
 .data          0x0080006e        0x0 communication_handler.o
 .data          0x0080006e        0x0 c:/winavr-20100110/bin/../lib/gcc/avr/4.3.3/avr5\libgcc.a(_mulsi3.o)
 .data          0x0080006e        0x0 c:/winavr-20100110/bin/../lib/gcc/avr/4.3.3/avr5\libgcc.a(_udivmodhi4.o)
 .data          0x0080006e        0x0 c:/winavr-20100110/bin/../lib/gcc/avr/4.3.3/avr5\libgcc.a(_divmodhi4.o)
 .data          0x0080006e        0x0 c:/winavr-20100110/bin/../lib/gcc/avr/4.3.3/avr5\libgcc.a(_udivmodsi4.o)
 .data          0x0080006e        0x0 c:/winavr-20100110/bin/../lib/gcc/avr/4.3.3/avr5\libgcc.a(_exit.o)
 .data          0x0080006e        0x0 c:/winavr-20100110/bin/../lib/gcc/avr/4.3.3/avr5\libgcc.a(_copy_data.o)
 .data          0x0080006e        0x0 c:/winavr-20100110/bin/../lib/gcc/avr/4.3.3/avr5\libgcc.a(_clear_bss.o)
 .data          0x0080006e        0x0 c:/winavr-20100110/bin/../lib/gcc/avr/4.3.3/../../../../avr/lib/avr5\libc.a(eerd_word_atmega16.o)
 .data          0x0080006e        0x0 c:/winavr-20100110/bin/../lib/gcc/avr/4.3.3/../../../../avr/lib/avr5\libc.a(eewr_word_atmega16.o)
 .data          0x0080006e        0x0 c:/winavr-20100110/bin/../lib/gcc/avr/4.3.3/../../../../avr/lib/avr5\libc.a(eerd_block_atmega16.o)
 .data          0x0080006e        0x0 c:/winavr-20100110/bin/../lib/gcc/avr/4.3.3/../../../../avr/lib/avr5\libc.a(eewr_byte_atmega16.o)
 *(.data*)
 *(.rodata)
 *(.rodata*)
 *(.gnu.linkonce.d*)
                0x0080006e                . = ALIGN (0x2)
                0x0080006e                _edata = .
                0x0080006e                PROVIDE (__data_end, .)

.bss            0x0080006e       0xa8
                0x0080006e                PROVIDE (__bss_start, .)
 *(.bss)
 .bss           0x0080006e        0x0 c:/winavr-20100110/bin/../lib/gcc/avr/4.3.3/../../../../avr/lib/avr5/crtm16.o
 .bss           0x0080006e        0xf lf.o
                0x0080007a                weight_val
                0x00800074                output_pid
                0x00800076                left_speed
                0x0080007c                sens_val
                0x0080006e                temp
                0x00800078                calcSpeed
                0x00800077                right_speed
                0x0080006f                offset
                0x00800073                last_value
                0x00800071                sensor_value
 .bss           0x0080007d        0x0 pwm.o
 .bss           0x0080007d        0x6 QTR.o
                0x0080007f                valueA
                0x0080007d                internal_counter
                0x00800080                valueB
                0x00800081                value
 .bss           0x00800083        0x0 uart.o
 .bss           0x00800083        0x0 timer.o
 .bss           0x00800083        0x7 scheduler.o
                0x00800088                _it_count
                0x00800083                counter_1ms
                0x00800085                scheduler_status
                0x00800089                toggleVal
                0x00800086                max_count_val
 .bss           0x0080008a        0xc pid.o
                0x00800090                _i
                0x0080008a                RAM_ePID_P
                0x00800094                _p
                0x0080008e                set_point
                0x00800092                _d
                0x0080008c                RAM_ePID_D
 .bss           0x00800096        0x4 communication_handler.o
                0x00800099                an_state
                0x00800097                temp_var
                0x00800096                robot_state
 .bss           0x0080009a        0x0 c:/winavr-20100110/bin/../lib/gcc/avr/4.3.3/avr5\libgcc.a(_mulsi3.o)
 .bss           0x0080009a        0x0 c:/winavr-20100110/bin/../lib/gcc/avr/4.3.3/avr5\libgcc.a(_udivmodhi4.o)
 .bss           0x0080009a        0x0 c:/winavr-20100110/bin/../lib/gcc/avr/4.3.3/avr5\libgcc.a(_divmodhi4.o)
 .bss           0x0080009a        0x0 c:/winavr-20100110/bin/../lib/gcc/avr/4.3.3/avr5\libgcc.a(_udivmodsi4.o)
 .bss           0x0080009a        0x0 c:/winavr-20100110/bin/../lib/gcc/avr/4.3.3/avr5\libgcc.a(_exit.o)
 .bss           0x0080009a        0x0 c:/winavr-20100110/bin/../lib/gcc/avr/4.3.3/avr5\libgcc.a(_copy_data.o)
 .bss           0x0080009a        0x0 c:/winavr-20100110/bin/../lib/gcc/avr/4.3.3/avr5\libgcc.a(_clear_bss.o)
 .bss           0x0080009a        0x0 c:/winavr-20100110/bin/../lib/gcc/avr/4.3.3/../../../../avr/lib/avr5\libc.a(eerd_word_atmega16.o)
 .bss           0x0080009a        0x0 c:/winavr-20100110/bin/../lib/gcc/avr/4.3.3/../../../../avr/lib/avr5\libc.a(eewr_word_atmega16.o)
 .bss           0x0080009a        0x0 c:/winavr-20100110/bin/../lib/gcc/avr/4.3.3/../../../../avr/lib/avr5\libc.a(eerd_block_atmega16.o)
 .bss           0x0080009a        0x0 c:/winavr-20100110/bin/../lib/gcc/avr/4.3.3/../../../../avr/lib/avr5\libc.a(eewr_byte_atmega16.o)
 *(.bss*)
 *(COMMON)
 COMMON         0x0080009a       0x14 lf.o
                0x0080009a                sensor_values
 COMMON         0x008000ae       0x14 QTR.o
                0x008000ae                qtr_values
 COMMON         0x008000c2       0x17 uart.o
                0x008000c2                uart_tx_state
                0x008000c3                uart_rx_index
                0x008000c4                uart_rx_state
                0x008000c5                uart_rx_buffer
 COMMON         0x008000d9       0x21 scheduler.o
                0x008000d9                active_tasks
                0x008000da                task_array
                0x008000ea                task_period
 COMMON         0x008000fa        0x8 pid.o
                0x008000fa                prv_error
                0x008000fc                output
                0x008000fe                error
                0x00800100                derivate
 COMMON         0x00800102       0x14 communication_handler.o
                0x00800102                uart_buffer
                0x00800116                PROVIDE (__bss_end, .)
                0x00000b7a                __data_load_start = LOADADDR (.data)
                0x00000b88                __data_load_end = (__data_load_start + SIZEOF (.data))

.noinit         0x00800116        0x0
                0x00800116                PROVIDE (__noinit_start, .)
 *(.noinit*)
                0x00800116                PROVIDE (__noinit_end, .)
                0x00800116                _end = .
                0x00800116                PROVIDE (__heap_start, .)

.eeprom         0x00810000        0x4
 *(.eeprom*)
 .eeprom        0x00810000        0x4 pid.o
                0x00810002                ePid_D
                0x00810000                ePid_P
                0x00810004                __eeprom_end = .

.fuse
 *(.fuse)
 *(.lfuse)
 *(.hfuse)
 *(.efuse)

.lock
 *(.lock*)

.signature
 *(.signature*)

.stab
 *(.stab)

.stabstr
 *(.stabstr)

.stab.excl
 *(.stab.excl)

.stab.exclstr
 *(.stab.exclstr)

.stab.index
 *(.stab.index)

.stab.indexstr
 *(.stab.indexstr)

.comment
 *(.comment)

.debug
 *(.debug)

.line
 *(.line)

.debug_srcinfo
 *(.debug_srcinfo)

.debug_sfnames
 *(.debug_sfnames)

.debug_aranges  0x00000000      0x100
 *(.debug_aranges)
 .debug_aranges
                0x00000000       0x20 lf.o
 .debug_aranges
                0x00000020       0x20 pwm.o
 .debug_aranges
                0x00000040       0x20 QTR.o
 .debug_aranges
                0x00000060       0x20 uart.o
 .debug_aranges
                0x00000080       0x20 timer.o
 .debug_aranges
                0x000000a0       0x20 scheduler.o
 .debug_aranges
                0x000000c0       0x20 pid.o
 .debug_aranges
                0x000000e0       0x20 communication_handler.o

.debug_pubnames
                0x00000000      0x5fe
 *(.debug_pubnames)
 .debug_pubnames
                0x00000000       0xe7 lf.o
 .debug_pubnames
                0x000000e7       0x49 pwm.o
 .debug_pubnames
                0x00000130       0x83 QTR.o
 .debug_pubnames
                0x000001b3       0xca uart.o
 .debug_pubnames
                0x0000027d       0x34 timer.o
 .debug_pubnames
                0x000002b1       0xf4 scheduler.o
 .debug_pubnames
                0x000003a5      0x1be pid.o
 .debug_pubnames
                0x00000563       0x9b communication_handler.o

.debug_info     0x00000000      0xf19
 *(.debug_info)
 .debug_info    0x00000000      0x1ed lf.o
 .debug_info    0x000001ed      0x10d pwm.o
 .debug_info    0x000002fa      0x295 QTR.o
 .debug_info    0x0000058f      0x1d8 uart.o
 .debug_info    0x00000767       0xae timer.o
 .debug_info    0x00000815      0x226 scheduler.o
 .debug_info    0x00000a3b      0x39c pid.o
 .debug_info    0x00000dd7      0x142 communication_handler.o
 *(.gnu.linkonce.wi.*)

.debug_abbrev   0x00000000      0x712
 *(.debug_abbrev)
 .debug_abbrev  0x00000000       0xa3 lf.o
 .debug_abbrev  0x000000a3       0x94 pwm.o
 .debug_abbrev  0x00000137      0x171 QTR.o
 .debug_abbrev  0x000002a8       0xf6 uart.o
 .debug_abbrev  0x0000039e       0x7d timer.o
 .debug_abbrev  0x0000041b      0x109 scheduler.o
 .debug_abbrev  0x00000524      0x11a pid.o
 .debug_abbrev  0x0000063e       0xd4 communication_handler.o

.debug_line     0x00000000      0xe0d
 *(.debug_line)
 .debug_line    0x00000000      0x1ad lf.o
 .debug_line    0x000001ad      0x163 pwm.o
 .debug_line    0x00000310      0x1fd QTR.o
 .debug_line    0x0000050d      0x1ac uart.o
 .debug_line    0x000006b9       0xd5 timer.o
 .debug_line    0x0000078e      0x1bc scheduler.o
 .debug_line    0x0000094a      0x28e pid.o
 .debug_line    0x00000bd8      0x235 communication_handler.o

.debug_frame    0x00000000      0x2f0
 *(.debug_frame)
 .debug_frame   0x00000000       0x30 lf.o
 .debug_frame   0x00000030       0x40 pwm.o
 .debug_frame   0x00000070       0x40 QTR.o
 .debug_frame   0x000000b0       0x70 uart.o
 .debug_frame   0x00000120       0x30 timer.o
 .debug_frame   0x00000150       0x70 scheduler.o
 .debug_frame   0x000001c0       0xf0 pid.o
 .debug_frame   0x000002b0       0x40 communication_handler.o

.debug_str      0x00000000      0x5e8
 *(.debug_str)
 .debug_str     0x00000000      0x12b lf.o
                                0x180 (size before relaxing)
 .debug_str     0x0000012b       0x5a pwm.o
                                0x131 (size before relaxing)
 .debug_str     0x00000185       0xb1 QTR.o
                                0x196 (size before relaxing)
 .debug_str     0x00000236       0xbc uart.o
                                0x19b (size before relaxing)
 .debug_str     0x000002f2       0x3b timer.o
                                0x10a (size before relaxing)
 .debug_str     0x0000032d       0xda scheduler.o
                                0x1c5 (size before relaxing)
 .debug_str     0x00000407      0x141 pid.o
                                0x23f (size before relaxing)
 .debug_str     0x00000548       0xa0 communication_handler.o
                                0x178 (size before relaxing)

.debug_loc      0x00000000      0x3b3
 *(.debug_loc)
 .debug_loc     0x00000000       0xd5 pwm.o
 .debug_loc     0x000000d5       0x49 QTR.o
 .debug_loc     0x0000011e       0xa5 uart.o
 .debug_loc     0x000001c3       0x46 scheduler.o
 .debug_loc     0x00000209      0x11e pid.o
 .debug_loc     0x00000327       0x8c communication_handler.o

.debug_macinfo
 *(.debug_macinfo)
OUTPUT(lf.elf elf32-avr)
LOAD linker stubs

.debug_ranges   0x00000000       0x48
 .debug_ranges  0x00000000       0x48 QTR.o
