Archive member included because of file (symbol)

c:/winavr-20100110/bin/../lib/gcc/avr/4.3.3/avr5\libgcc.a(_mulsi3.o)
                              pid.o (__mulsi3)
c:/winavr-20100110/bin/../lib/gcc/avr/4.3.3/avr5\libgcc.a(_udivmodqi4.o)
                              scheduler.o (__udivmodqi4)
c:/winavr-20100110/bin/../lib/gcc/avr/4.3.3/avr5\libgcc.a(_udivmodhi4.o)
                              scheduler.o (__udivmodhi4)
c:/winavr-20100110/bin/../lib/gcc/avr/4.3.3/avr5\libgcc.a(_divmodhi4.o)
                              lf.o (__divmodhi4)
c:/winavr-20100110/bin/../lib/gcc/avr/4.3.3/avr5\libgcc.a(_udivmodsi4.o)
                              pid.o (__udivmodsi4)
c:/winavr-20100110/bin/../lib/gcc/avr/4.3.3/avr5\libgcc.a(_exit.o)
                              c:/winavr-20100110/bin/../lib/gcc/avr/4.3.3/../../../../avr/lib/avr5/crtm16.o (exit)
c:/winavr-20100110/bin/../lib/gcc/avr/4.3.3/avr5\libgcc.a(_copy_data.o)
                              lf.o (__do_copy_data)
c:/winavr-20100110/bin/../lib/gcc/avr/4.3.3/avr5\libgcc.a(_clear_bss.o)
                              lf.o (__do_clear_bss)
c:/winavr-20100110/bin/../lib/gcc/avr/4.3.3/../../../../avr/lib/avr5\libc.a(eerd_word_atmega16.o)
                              lf.o (__eerd_word_m16)
c:/winavr-20100110/bin/../lib/gcc/avr/4.3.3/../../../../avr/lib/avr5\libc.a(eerd_block_atmega16.o)
                              c:/winavr-20100110/bin/../lib/gcc/avr/4.3.3/../../../../avr/lib/avr5\libc.a(eerd_word_atmega16.o) (__eerd_blraw_m16)

Allocating common symbols
Common symbol       size              file

prv_error           0x2               pid.o
output              0x1               pid.o
uart_tx_state       0x1               uart.o
active_tasks        0x1               scheduler.o
uart_buffer         0x14              communication_handler.o
task_array          0x10              scheduler.o
task_period         0x10              scheduler.o
error               0x2               pid.o
uart_rx_index       0x1               uart.o
uart_rx_state       0x1               uart.o
derivate            0x2               pid.o
uart_rx_buffer      0x14              uart.o

Memory Configuration

Name             Origin             Length             Attributes
text             0x00000000         0x00020000         xr
data             0x00800060         0x0000ffa0         rw !x
eeprom           0x00810000         0x00010000         rw !x
fuse             0x00820000         0x00000400         rw !x
lock             0x00830000         0x00000400         rw !x
signature        0x00840000         0x00000400         rw !x
*default*        0x00000000         0xffffffff

Linker script and memory map

LOAD c:/winavr-20100110/bin/../lib/gcc/avr/4.3.3/../../../../avr/lib/avr5/crtm16.o
LOAD lf.o
LOAD pwm.o
LOAD QTR.o
LOAD uart.o
LOAD timer.o
LOAD scheduler.o
LOAD pid.o
LOAD communication_handler.o
LOAD c:/winavr-20100110/bin/../lib/gcc/avr/4.3.3/avr5\libgcc.a
LOAD c:/winavr-20100110/bin/../lib/gcc/avr/4.3.3/../../../../avr/lib/avr5\libc.a
LOAD c:/winavr-20100110/bin/../lib/gcc/avr/4.3.3/avr5\libgcc.a

.hash
 *(.hash)

.dynsym
 *(.dynsym)

.dynstr
 *(.dynstr)

.gnu.version
 *(.gnu.version)

.gnu.version_d
 *(.gnu.version_d)

.gnu.version_r
 *(.gnu.version_r)

.rel.init
 *(.rel.init)

.rela.init
 *(.rela.init)

.rel.text
 *(.rel.text)
 *(.rel.text.*)
 *(.rel.gnu.linkonce.t*)

.rela.text
 *(.rela.text)
 *(.rela.text.*)
 *(.rela.gnu.linkonce.t*)

.rel.fini
 *(.rel.fini)

.rela.fini
 *(.rela.fini)

.rel.rodata
 *(.rel.rodata)
 *(.rel.rodata.*)
 *(.rel.gnu.linkonce.r*)

.rela.rodata
 *(.rela.rodata)
 *(.rela.rodata.*)
 *(.rela.gnu.linkonce.r*)

.rel.data
 *(.rel.data)
 *(.rel.data.*)
 *(.rel.gnu.linkonce.d*)

.rela.data
 *(.rela.data)
 *(.rela.data.*)
 *(.rela.gnu.linkonce.d*)

.rel.ctors
 *(.rel.ctors)

.rela.ctors
 *(.rela.ctors)

.rel.dtors
 *(.rel.dtors)

.rela.dtors
 *(.rela.dtors)

.rel.got
 *(.rel.got)

.rela.got
 *(.rela.got)

.rel.bss
 *(.rel.bss)

.rela.bss
 *(.rela.bss)

.rel.plt
 *(.rel.plt)

.rela.plt
 *(.rela.plt)

.text           0x00000000      0x90c
 *(.vectors)
 .vectors       0x00000000       0x54 c:/winavr-20100110/bin/../lib/gcc/avr/4.3.3/../../../../avr/lib/avr5/crtm16.o
                0x00000000                __vectors
                0x00000000                __vector_default
 *(.vectors)
 *(.progmem.gcc*)
 *(.progmem*)
                0x00000054                . = ALIGN (0x2)
                0x00000054                __trampolines_start = .
 *(.trampolines)
 .trampolines   0x00000054        0x0 linker stubs
 *(.trampolines*)
                0x00000054                __trampolines_end = .
 *(.jumptables)
 *(.jumptables*)
 *(.lowtext)
 *(.lowtext*)
                0x00000054                __ctors_start = .
 *(.ctors)
                0x00000054                __ctors_end = .
                0x00000054                __dtors_start = .
 *(.dtors)
                0x00000054                __dtors_end = .
 SORT(*)(.ctors)
 SORT(*)(.dtors)
 *(.init0)
 .init0         0x00000054        0x0 c:/winavr-20100110/bin/../lib/gcc/avr/4.3.3/../../../../avr/lib/avr5/crtm16.o
                0x00000054                __init
 *(.init0)
 *(.init1)
 *(.init1)
 *(.init2)
 .init2         0x00000054        0xc c:/winavr-20100110/bin/../lib/gcc/avr/4.3.3/../../../../avr/lib/avr5/crtm16.o
 *(.init2)
 *(.init3)
 *(.init3)
 *(.init4)
 .init4         0x00000060       0x16 c:/winavr-20100110/bin/../lib/gcc/avr/4.3.3/avr5\libgcc.a(_copy_data.o)
                0x00000060                __do_copy_data
 .init4         0x00000076       0x10 c:/winavr-20100110/bin/../lib/gcc/avr/4.3.3/avr5\libgcc.a(_clear_bss.o)
                0x00000076                __do_clear_bss
 *(.init4)
 *(.init5)
 *(.init5)
 *(.init6)
 *(.init6)
 *(.init7)
 *(.init7)
 *(.init8)
 *(.init8)
 *(.init9)
 .init9         0x00000086        0x8 c:/winavr-20100110/bin/../lib/gcc/avr/4.3.3/../../../../avr/lib/avr5/crtm16.o
 *(.init9)
 *(.text)
 .text          0x0000008e        0x4 c:/winavr-20100110/bin/../lib/gcc/avr/4.3.3/../../../../avr/lib/avr5/crtm16.o
                0x0000008e                __vector_1
                0x0000008e                __vector_12
                0x0000008e                __bad_interrupt
                0x0000008e                __vector_6
                0x0000008e                __vector_3
                0x0000008e                __vector_17
                0x0000008e                __vector_7
                0x0000008e                __vector_5
                0x0000008e                __vector_4
                0x0000008e                __vector_9
                0x0000008e                __vector_2
                0x0000008e                __vector_15
                0x0000008e                __vector_8
                0x0000008e                __vector_14
                0x0000008e                __vector_10
                0x0000008e                __vector_16
                0x0000008e                __vector_18
                0x0000008e                __vector_20
 .text          0x00000092      0x198 lf.o
                0x00000092                main
                0x0000011a                alg
 .text          0x0000022a       0x56 pwm.o
                0x0000022a                pwm_init
                0x00000246                pwm_setMotors
 .text          0x00000280       0x22 QTR.o
                0x00000280                QTR_init
                0x00000292                QTR_compute
 .text          0x000002a2       0xdc uart.o
                0x00000302                uart_rx_flush
                0x000002ba                __vector_11
                0x000002a2                __vector_13
                0x0000033e                uart_init
                0x00000362                uart_sendByte
                0x0000036a                uart_sendByteNotBlocking
 .text          0x0000037e       0x16 timer.o
                0x0000037e                timer_init
                0x00000390                timer_setValue
 .text          0x00000394      0x18e scheduler.o
                0x0000040e                sch_setTask
                0x00000394                dummy_task
                0x00000444                sch_main
                0x000004ce                sch_init
                0x00000396                __vector_19
                0x000003ea                sch_setTaskStatus
 .text          0x00000522      0x210 pid.o
                0x00000548                pid_calculate
                0x00000524                pid_setpoint
                0x0000052e                pid_set_consts
                0x00000522                pid_init
 .text          0x00000732       0xc2 communication_handler.o
                0x00000732                communication_handler_init
                0x00000734                _analyse_cmd
                0x000007be                communication_handler_task
 .text          0x000007f4        0x0 c:/winavr-20100110/bin/../lib/gcc/avr/4.3.3/avr5\libgcc.a(_mulsi3.o)
 .text          0x000007f4        0x0 c:/winavr-20100110/bin/../lib/gcc/avr/4.3.3/avr5\libgcc.a(_udivmodqi4.o)
 .text          0x000007f4        0x0 c:/winavr-20100110/bin/../lib/gcc/avr/4.3.3/avr5\libgcc.a(_udivmodhi4.o)
 .text          0x000007f4        0x0 c:/winavr-20100110/bin/../lib/gcc/avr/4.3.3/avr5\libgcc.a(_divmodhi4.o)
 .text          0x000007f4        0x0 c:/winavr-20100110/bin/../lib/gcc/avr/4.3.3/avr5\libgcc.a(_udivmodsi4.o)
 .text          0x000007f4        0x0 c:/winavr-20100110/bin/../lib/gcc/avr/4.3.3/avr5\libgcc.a(_exit.o)
 .text          0x000007f4        0x0 c:/winavr-20100110/bin/../lib/gcc/avr/4.3.3/avr5\libgcc.a(_copy_data.o)
 .text          0x000007f4        0x0 c:/winavr-20100110/bin/../lib/gcc/avr/4.3.3/avr5\libgcc.a(_clear_bss.o)
 .text          0x000007f4        0x0 c:/winavr-20100110/bin/../lib/gcc/avr/4.3.3/../../../../avr/lib/avr5\libc.a(eerd_word_atmega16.o)
 .text          0x000007f4        0x0 c:/winavr-20100110/bin/../lib/gcc/avr/4.3.3/../../../../avr/lib/avr5\libc.a(eerd_block_atmega16.o)
                0x000007f4                . = ALIGN (0x2)
 *(.text.*)
 .text.libgcc   0x000007f4       0x3e c:/winavr-20100110/bin/../lib/gcc/avr/4.3.3/avr5\libgcc.a(_mulsi3.o)
                0x000007f4                __mulsi3
 .text.libgcc   0x00000832       0x18 c:/winavr-20100110/bin/../lib/gcc/avr/4.3.3/avr5\libgcc.a(_udivmodqi4.o)
                0x00000832                __udivmodqi4
 .text.libgcc   0x0000084a       0x28 c:/winavr-20100110/bin/../lib/gcc/avr/4.3.3/avr5\libgcc.a(_udivmodhi4.o)
                0x0000084a                __udivmodhi4
 .text.libgcc   0x00000872       0x26 c:/winavr-20100110/bin/../lib/gcc/avr/4.3.3/avr5\libgcc.a(_divmodhi4.o)
                0x00000872                __divmodhi4
                0x00000872                _div
 .text.libgcc   0x00000898       0x44 c:/winavr-20100110/bin/../lib/gcc/avr/4.3.3/avr5\libgcc.a(_udivmodsi4.o)
                0x00000898                __udivmodsi4
 .text.libgcc   0x000008dc        0x0 c:/winavr-20100110/bin/../lib/gcc/avr/4.3.3/avr5\libgcc.a(_exit.o)
 .text.libgcc   0x000008dc        0x0 c:/winavr-20100110/bin/../lib/gcc/avr/4.3.3/avr5\libgcc.a(_copy_data.o)
 .text.libgcc   0x000008dc        0x0 c:/winavr-20100110/bin/../lib/gcc/avr/4.3.3/avr5\libgcc.a(_clear_bss.o)
 .text.avr-libc
                0x000008dc        0xc c:/winavr-20100110/bin/../lib/gcc/avr/4.3.3/../../../../avr/lib/avr5\libc.a(eerd_word_atmega16.o)
                0x000008dc                __eerd_word_m16
 .text.avr-libc
                0x000008e8       0x20 c:/winavr-20100110/bin/../lib/gcc/avr/4.3.3/../../../../avr/lib/avr5\libc.a(eerd_block_atmega16.o)
                0x000008e8                __eerd_block_m16
                0x000008ec                __eerd_blraw_m16
                0x00000908                . = ALIGN (0x2)
 *(.fini9)
 .fini9         0x00000908        0x0 c:/winavr-20100110/bin/../lib/gcc/avr/4.3.3/avr5\libgcc.a(_exit.o)
                0x00000908                exit
                0x00000908                _exit
 *(.fini9)
 *(.fini8)
 *(.fini8)
 *(.fini7)
 *(.fini7)
 *(.fini6)
 *(.fini6)
 *(.fini5)
 *(.fini5)
 *(.fini4)
 *(.fini4)
 *(.fini3)
 *(.fini3)
 *(.fini2)
 *(.fini2)
 *(.fini1)
 *(.fini1)
 *(.fini0)
 .fini0         0x00000908        0x4 c:/winavr-20100110/bin/../lib/gcc/avr/4.3.3/avr5\libgcc.a(_exit.o)
 *(.fini0)
                0x0000090c                _etext = .

.data           0x00800060        0x8 load address 0x0000090c
                0x00800060                PROVIDE (__data_start, .)
 *(.data)
 .data          0x00800060        0x0 c:/winavr-20100110/bin/../lib/gcc/avr/4.3.3/../../../../avr/lib/avr5/crtm16.o
 .data          0x00800060        0x3 lf.o
                0x00800061                last_offset
                0x00800062                speed
                0x00800060                offset
 .data          0x00800063        0x0 pwm.o
 .data          0x00800063        0x0 QTR.o
 .data          0x00800063        0x0 uart.o
 .data          0x00800063        0x0 timer.o
 .data          0x00800063        0x0 scheduler.o
 .data          0x00800063        0x4 pid.o
                0x00800065                _p
                0x00800063                _d
 .data          0x00800067        0x0 communication_handler.o
 .data          0x00800067        0x0 c:/winavr-20100110/bin/../lib/gcc/avr/4.3.3/avr5\libgcc.a(_mulsi3.o)
 .data          0x00800067        0x0 c:/winavr-20100110/bin/../lib/gcc/avr/4.3.3/avr5\libgcc.a(_udivmodqi4.o)
 .data          0x00800067        0x0 c:/winavr-20100110/bin/../lib/gcc/avr/4.3.3/avr5\libgcc.a(_udivmodhi4.o)
 .data          0x00800067        0x0 c:/winavr-20100110/bin/../lib/gcc/avr/4.3.3/avr5\libgcc.a(_divmodhi4.o)
 .data          0x00800067        0x0 c:/winavr-20100110/bin/../lib/gcc/avr/4.3.3/avr5\libgcc.a(_udivmodsi4.o)
 .data          0x00800067        0x0 c:/winavr-20100110/bin/../lib/gcc/avr/4.3.3/avr5\libgcc.a(_exit.o)
 .data          0x00800067        0x0 c:/winavr-20100110/bin/../lib/gcc/avr/4.3.3/avr5\libgcc.a(_copy_data.o)
 .data          0x00800067        0x0 c:/winavr-20100110/bin/../lib/gcc/avr/4.3.3/avr5\libgcc.a(_clear_bss.o)
 .data          0x00800067        0x0 c:/winavr-20100110/bin/../lib/gcc/avr/4.3.3/../../../../avr/lib/avr5\libc.a(eerd_word_atmega16.o)
 .data          0x00800067        0x0 c:/winavr-20100110/bin/../lib/gcc/avr/4.3.3/../../../../avr/lib/avr5\libc.a(eerd_block_atmega16.o)
 *(.data*)
 *(.rodata)
 *(.rodata*)
 *(.gnu.linkonce.d*)
                0x00800068                . = ALIGN (0x2)
 *fill*         0x00800067        0x1 00
                0x00800068                _edata = .
                0x00800068                PROVIDE (__data_end, .)

.bss            0x00800068       0x6c
                0x00800068                PROVIDE (__bss_start, .)
 *(.bss)
 .bss           0x00800068        0x0 c:/winavr-20100110/bin/../lib/gcc/avr/4.3.3/../../../../avr/lib/avr5/crtm16.o
 .bss           0x00800068        0xa lf.o
                0x0080006f                output_pid
                0x00800070                left_speed
                0x0080006a                u16GlobalPid_D
                0x0080006c                temp
                0x00800071                right_speed
                0x0080006e                last_value
                0x0080006d                sensor_value
                0x00800068                u16GlobalPid_P
 .bss           0x00800072        0x0 pwm.o
 .bss           0x00800072        0x0 QTR.o
 .bss           0x00800072        0x0 uart.o
 .bss           0x00800072        0x0 timer.o
 .bss           0x00800072        0x6 scheduler.o
                0x00800077                _it_count
                0x00800072                counter_1ms
                0x00800074                scheduler_status
                0x00800075                max_count_val
 .bss           0x00800078        0x8 pid.o
                0x0080007a                _i
                0x0080007e                integrate_count
                0x00800078                set_point
                0x0080007c                integrate
 .bss           0x00800080        0x1 communication_handler.o
                0x00800080                an_state
 .bss           0x00800081        0x0 c:/winavr-20100110/bin/../lib/gcc/avr/4.3.3/avr5\libgcc.a(_mulsi3.o)
 .bss           0x00800081        0x0 c:/winavr-20100110/bin/../lib/gcc/avr/4.3.3/avr5\libgcc.a(_udivmodqi4.o)
 .bss           0x00800081        0x0 c:/winavr-20100110/bin/../lib/gcc/avr/4.3.3/avr5\libgcc.a(_udivmodhi4.o)
 .bss           0x00800081        0x0 c:/winavr-20100110/bin/../lib/gcc/avr/4.3.3/avr5\libgcc.a(_divmodhi4.o)
 .bss           0x00800081        0x0 c:/winavr-20100110/bin/../lib/gcc/avr/4.3.3/avr5\libgcc.a(_udivmodsi4.o)
 .bss           0x00800081        0x0 c:/winavr-20100110/bin/../lib/gcc/avr/4.3.3/avr5\libgcc.a(_exit.o)
 .bss           0x00800081        0x0 c:/winavr-20100110/bin/../lib/gcc/avr/4.3.3/avr5\libgcc.a(_copy_data.o)
 .bss           0x00800081        0x0 c:/winavr-20100110/bin/../lib/gcc/avr/4.3.3/avr5\libgcc.a(_clear_bss.o)
 .bss           0x00800081        0x0 c:/winavr-20100110/bin/../lib/gcc/avr/4.3.3/../../../../avr/lib/avr5\libc.a(eerd_word_atmega16.o)
 .bss           0x00800081        0x0 c:/winavr-20100110/bin/../lib/gcc/avr/4.3.3/../../../../avr/lib/avr5\libc.a(eerd_block_atmega16.o)
 *(.bss*)
 *(COMMON)
 COMMON         0x00800081       0x17 uart.o
                0x00800081                uart_tx_state
                0x00800082                uart_rx_index
                0x00800083                uart_rx_state
                0x00800084                uart_rx_buffer
 COMMON         0x00800098       0x21 scheduler.o
                0x00800098                active_tasks
                0x00800099                task_array
                0x008000a9                task_period
 COMMON         0x008000b9        0x7 pid.o
                0x008000b9                prv_error
                0x008000bb                output
                0x008000bc                error
                0x008000be                derivate
 COMMON         0x008000c0       0x14 communication_handler.o
                0x008000c0                uart_buffer
                0x008000d4                PROVIDE (__bss_end, .)
                0x0000090c                __data_load_start = LOADADDR (.data)
                0x00000914                __data_load_end = (__data_load_start + SIZEOF (.data))

.noinit         0x008000d4        0x0
                0x008000d4                PROVIDE (__noinit_start, .)
 *(.noinit*)
                0x008000d4                PROVIDE (__noinit_end, .)
                0x008000d4                _end = .
                0x008000d4                PROVIDE (__heap_start, .)

.eeprom         0x00810000        0x4
 *(.eeprom*)
 .eeprom        0x00810000        0x4 lf.o
                0x00810002                eemPid_D
                0x00810000                eemPid_P
                0x00810004                __eeprom_end = .

.fuse
 *(.fuse)
 *(.lfuse)
 *(.hfuse)
 *(.efuse)

.lock
 *(.lock*)

.signature
 *(.signature*)

.stab
 *(.stab)

.stabstr
 *(.stabstr)

.stab.excl
 *(.stab.excl)

.stab.exclstr
 *(.stab.exclstr)

.stab.index
 *(.stab.index)

.stab.indexstr
 *(.stab.indexstr)

.comment
 *(.comment)

.debug
 *(.debug)

.line
 *(.line)

.debug_srcinfo
 *(.debug_srcinfo)

.debug_sfnames
 *(.debug_sfnames)

.debug_aranges  0x00000000      0x100
 *(.debug_aranges)
 .debug_aranges
                0x00000000       0x20 lf.o
 .debug_aranges
                0x00000020       0x20 pwm.o
 .debug_aranges
                0x00000040       0x20 QTR.o
 .debug_aranges
                0x00000060       0x20 uart.o
 .debug_aranges
                0x00000080       0x20 timer.o
 .debug_aranges
                0x000000a0       0x20 scheduler.o
 .debug_aranges
                0x000000c0       0x20 pid.o
 .debug_aranges
                0x000000e0       0x20 communication_handler.o

.debug_pubnames
                0x00000000      0x474
 *(.debug_pubnames)
 .debug_pubnames
                0x00000000       0xdf lf.o
 .debug_pubnames
                0x000000df       0x31 pwm.o
 .debug_pubnames
                0x00000110       0x2f QTR.o
 .debug_pubnames
                0x0000013f       0xca uart.o
 .debug_pubnames
                0x00000209       0x34 timer.o
 .debug_pubnames
                0x0000023d       0xe6 scheduler.o
 .debug_pubnames
                0x00000323       0xd3 pid.o
 .debug_pubnames
                0x000003f6       0x7e communication_handler.o

.debug_info     0x00000000      0xaea
 *(.debug_info)
 .debug_info    0x00000000      0x1cf lf.o
 .debug_info    0x000001cf       0xcb pwm.o
 .debug_info    0x0000029a       0x9f QTR.o
 .debug_info    0x00000339      0x1d8 uart.o
 .debug_info    0x00000511       0xae timer.o
 .debug_info    0x000005bf      0x214 scheduler.o
 .debug_info    0x000007d3      0x204 pid.o
 .debug_info    0x000009d7      0x113 communication_handler.o
 *(.gnu.linkonce.wi.*)

.debug_abbrev   0x00000000      0x599
 *(.debug_abbrev)
 .debug_abbrev  0x00000000       0x90 lf.o
 .debug_abbrev  0x00000090       0x7d pwm.o
 .debug_abbrev  0x0000010d       0x6c QTR.o
 .debug_abbrev  0x00000179       0xf6 uart.o
 .debug_abbrev  0x0000026f       0x7d timer.o
 .debug_abbrev  0x000002ec      0x109 scheduler.o
 .debug_abbrev  0x000003f5       0xd0 pid.o
 .debug_abbrev  0x000004c5       0xd4 communication_handler.o

.debug_line     0x00000000      0xac0
 *(.debug_line)
 .debug_line    0x00000000      0x1dd lf.o
 .debug_line    0x000001dd      0x10b pwm.o
 .debug_line    0x000002e8       0xd3 QTR.o
 .debug_line    0x000003bb      0x1ac uart.o
 .debug_line    0x00000567       0xd5 timer.o
 .debug_line    0x0000063c      0x1cc scheduler.o
 .debug_line    0x00000808      0x143 pid.o
 .debug_line    0x0000094b      0x175 communication_handler.o

.debug_frame    0x00000000      0x230
 *(.debug_frame)
 .debug_frame   0x00000000       0x30 lf.o
 .debug_frame   0x00000030       0x30 pwm.o
 .debug_frame   0x00000060       0x30 QTR.o
 .debug_frame   0x00000090       0x70 uart.o
 .debug_frame   0x00000100       0x30 timer.o
 .debug_frame   0x00000130       0x70 scheduler.o
 .debug_frame   0x000001a0       0x50 pid.o
 .debug_frame   0x000001f0       0x40 communication_handler.o

.debug_str      0x00000000      0x462
 *(.debug_str)
 .debug_str     0x00000000      0x12a lf.o
                                0x184 (size before relaxing)
 .debug_str     0x0000012a       0x46 pwm.o
                                0x109 (size before relaxing)
 .debug_str     0x00000170       0x1e QTR.o
                                 0xe7 (size before relaxing)
 .debug_str     0x0000018e       0xbc uart.o
                                0x18f (size before relaxing)
 .debug_str     0x0000024a       0x3b timer.o
                                 0xfe (size before relaxing)
 .debug_str     0x00000285       0xd0 scheduler.o
                                0x1af (size before relaxing)
 .debug_str     0x00000355       0x82 pid.o
                                0x163 (size before relaxing)
 .debug_str     0x000003d7       0x8b communication_handler.o
                                0x14e (size before relaxing)

.debug_loc      0x00000000      0x209
 *(.debug_loc)
 .debug_loc     0x00000000       0x41 lf.o
 .debug_loc     0x00000041       0x65 pwm.o
 .debug_loc     0x000000a6       0xa5 uart.o
 .debug_loc     0x0000014b       0x46 scheduler.o
 .debug_loc     0x00000191       0x18 pid.o
 .debug_loc     0x000001a9       0x60 communication_handler.o

.debug_macinfo
 *(.debug_macinfo)
OUTPUT(lf.elf elf32-avr)
LOAD linker stubs
